 lab6

 Timestamp is 675ca199 (Sat Dec 14 01:05:29 2024)

 Preferred load address is 0000000140000000

 Start         Length     Name                   Class
 0001:00000000 00001051H .text$mn                CODE
 0002:00000000 00000144H .rdata                  DATA
 0002:00000143 00000000H .edata                  DATA
 0002:00000144 0000015bH .rdata$zzzdbg           DATA
 0003:00000000 00000139H .data                   DATA
 0004:00000000 000000c0H .idata$5                DATA
 0004:000000c0 00000028H .idata$2                DATA
 0004:000000e8 00000018H .idata$3                DATA
 0004:00000100 000000c0H .idata$4                DATA
 0004:000001c0 0000013bH .idata$6                DATA

  Address         Publics by Value              Rva+Base               Lib:Object

 0000:00000000       __hybrid_code_map_count    0000000000000000     <absolute>
 0000:00000000       __arm64x_native_entrypoint 0000000000000000     <absolute>
 0000:00000000       __guard_eh_cont_table      0000000000000000     <absolute>
 0000:00000000       __enclave_config           0000000000000000     <absolute>
 0000:00000000       __arm64x_redirection_metadata_count 0000000000000000     <absolute>
 0000:00000000       __hybrid_code_map          0000000000000000     <absolute>
 0000:00000000       __guard_fids_table         0000000000000000     <absolute>
 0000:00000000       __guard_check_icall_a64n_fptr 0000000000000000     <absolute>
 0000:00000000       __AbsoluteZero             0000000000000000     <absolute>
 0000:00000000       __guard_eh_cont_count      0000000000000000     <absolute>
 0000:00000000       __hybrid_auxiliary_iat_copy 0000000000000000     <absolute>
 0000:00000000       __hybrid_auxiliary_iat     0000000000000000     <absolute>
 0000:00000000       __dynamic_value_reloc_table 0000000000000000     <absolute>
 0000:00000000       __guard_longjmp_count      0000000000000000     <absolute>
 0000:00000000       __guard_iat_count          0000000000000000     <absolute>
 0000:00000000       __guard_iat_table          0000000000000000     <absolute>
 0000:00000000       __arm64x_redirection_metadata 0000000000000000     <absolute>
 0000:00000000       __guard_flags              0000000000000000     <absolute>
 0000:00000000       __arm64x_extra_rfe_table   0000000000000000     <absolute>
 0000:00000000       __x64_code_ranges_to_entry_points_count 0000000000000000     <absolute>
 0000:00000000       ___safe_se_handler_table   0000000000000000     <absolute>
 0000:00000000       __arm64x_extra_rfe_table_size 0000000000000000     <absolute>
 0000:00000000       __guard_longjmp_table      0000000000000000     <absolute>
 0000:00000000       __x64_code_ranges_to_entry_points 0000000000000000     <absolute>
 0000:00000000       ___safe_se_handler_count   0000000000000000     <absolute>
 0000:00000000       __guard_fids_count         0000000000000000     <absolute>
 0000:00000000       __volatile_metadata        0000000000000000     <absolute>
 0001:00000010       mainCRTStartup             0000000140001010 f   lab6.obj
 0001:0000003e       ExitProcess                000000014000103e f   kernel32:KERNEL32.dll
 0001:00000044       MessageBoxA                0000000140001044 f   User32:USER32.dll
 0004:00000000       __imp_ExitProcess          0000000140005000     kernel32:KERNEL32.dll
 0004:00000008       \177KERNEL32_NULL_THUNK_DATA 0000000140005008     kernel32:KERNEL32.dll
 0004:00000060       __imp_MessageBoxA          0000000140005060     User32:USER32.dll
 0004:00000068       \177USER32_NULL_THUNK_DATA 0000000140005068     User32:USER32.dll
 0004:000000c0       __IMPORT_DESCRIPTOR_KERNEL32 00000001400050c0     kernel32:KERNEL32.dll
 0004:000000d4       __IMPORT_DESCRIPTOR_USER32 00000001400050d4     User32:USER32.dll
 0004:000000e8       __NULL_IMPORT_DESCRIPTOR   00000001400050e8     kernel32:KERNEL32.dll

 entry point at        0001:00000005

 Static symbols

 0000:ffff9000       .debug$S                   0000000140000000     User32:USER32.dll
 0000:ffff9000       .debug$S                   0000000140000000     kernel32:KERNEL32.dll
 0001:00000010       $$000000                   0000000140001010     lab6.obj
 0003:00000000       caption                    0000000140004000     lab6.obj
 0003:0000000b       message                    000000014000400b     lab6.obj
 0004:000001ce       .idata$6                   00000001400051ce     kernel32:KERNEL32.dll
 0004:000001ea       .idata$6                   00000001400051ea     User32:USER32.dll
